System initialized at Tue Mar 31 01:34:39 IST 2026
Status: All protocols operational
User: 24BAI10435 session verified
Network: Connection established (Bhopal Gateway)
